
 ⛅️ wrangler 4.140.0
────────────────────
▲ [WARNING] Multiple environments are defined in the Wrangler configuration file, but no target environment was specified for the deploy command.

  To avoid unintentional changes to the wrong environment, it is recommended to explicitly specify the target environment using the `-e|--env` flag or CLOUDFLARE_ENV env variable.
  If your intention is to use the top-level environment of your configuration simply pass an empty string to the flag to target such environment. For example `--env=""`.


Total Upload: 5237.38 KiB / gzip: 706.38 KiB
Your Worker has access to the following bindings:
Binding                                                                      Resource
env.RATE_LIMIT (8f2028935b544902bf468a9055d765ef)                            KV Namespace
env.ANALYTICS (xivdyetools_web_analytics_dev)                                Analytics Engine Dataset
env.API_RATE_LIMITER (65 requests/60s)                                       Rate Limit
env.TELEMETRY_RATE_LIMITER (240 requests/60s)                                Rate Limit
env.SERVICE_RATE_LIMITER (1300 requests/60s)                                 Rate Limit
env.UNIVERSALIS_RATE_LIMITER (60 requests/60s)                               Rate Limit
env.UNIVERSALIS_SERVICE_RATE_LIMITER (1200 requests/60s)                     Rate Limit
env.ENVIRONMENT ("development")                                              Environment Variable
env.API_VERSION ("v1")                                                       Environment Variable
env.UNIVERSALIS_API_BASE ("https://universalis.app/api/v2")                  Environment Variable
env.RATE_LIMIT_REQUESTS ("60")                                               Environment Variable
env.RATE_LIMIT_WINDOW_SECONDS ("60")                                         Environment Variable
env.XIVAPI_BASE ("https://v2.xivapi.com")                                    Environment Variable
env.XIVAPI_VERSION ("latest")                                                Environment Variable

--dry-run: exiting now.
