
 ⛅️ wrangler 4.127.1 (update available 4.132.0)
───────────────────────────────────────────────
Total Upload: 7448.58 KiB / gzip: 2282.85 KiB
Your Worker has access to the following bindings:
Binding                                                             Resource                      
env.KV (7d76d17fbb16403c8bf40e16f5b58ba6)                           KV Namespace                  
env.PRESETS_API (xivdyetools-presets-api)                           Worker                        
env.UNIVERSALIS_PROXY (xivdyetools-api-worker)                      Worker                        
env.IMAGE_WORKER (xivdyetools-image-worker)                         Worker                        
env.ANALYTICS (xivdyetools_bot_analytics_beta)                      Analytics Engine Dataset      
env.RL_5 (5 requests/60s)                                           Rate Limit                    
env.RL_10 (10 requests/60s)                                         Rate Limit                    
env.RL_15 (15 requests/60s)                                         Rate Limit                    
env.RL_20 (20 requests/60s)                                         Rate Limit                    
env.RL_30 (30 requests/60s)                                         Rate Limit                    
env.RL_70 (70 requests/60s)                                         Rate Limit                    
env.ENVIRONMENT ("development")                                     Environment Variable          
env.DISCORD_CLIENT_ID ("1536085517270261771")                       Environment Variable          
env.PRESETS_API_URL ("https://api.xivdyetools.app")                 Environment Variable          
env.ANNOUNCEMENT_CHANNEL_ID ("1441800851747508314")                 Environment Variable          

--dry-run: exiting now.
[33m▲ [43;33m[[43;30mWARNING[43;33m][0m [1mMultiple environments are defined in the Wrangler configuration file, but no target environment was specified for the deploy command.[0m

  To avoid unintentional changes to the wrong environment, it is recommended to explicitly specify the target environment using the `-e|--env` flag or CLOUDFLARE_ENV env variable.
  If your intention is to use the top-level environment of your configuration simply pass an empty string to the flag to target such environment. For example `--env=""`.


