
 ⛅️ wrangler 4.127.1
────────────────────

Cloudflare collects anonymous telemetry about your usage of Wrangler. Learn more at https://github.com/cloudflare/workers-sdk/tree/main/packages/wrangler/telemetry.md
Total Upload: 3854.87 KiB / gzip: 577.39 KiB
Your Worker has access to the following bindings:
Binding                                                               Resource                      
env.RATE_LIMIT (8f2028935b544902bf468a9055d765ef)                     KV Namespace                  
env.ANALYTICS (xivdyetools_web_analytics_dev)                         Analytics Engine Dataset      
env.API_RATE_LIMITER (65 requests/60s)                                Rate Limit                    
env.TELEMETRY_RATE_LIMITER (240 requests/60s)                         Rate Limit                    
env.ENVIRONMENT ("development")                                       Environment Variable          
env.API_VERSION ("v1")                                                Environment Variable          
env.UNIVERSALIS_API_BASE ("https://universalis.app/api/v2")           Environment Variable          
env.RATE_LIMIT_REQUESTS ("60")                                        Environment Variable          
env.RATE_LIMIT_WINDOW_SECONDS ("60")                                  Environment Variable          
env.XIVAPI_BASE ("https://v2.xivapi.com")                             Environment Variable          
env.XIVAPI_VERSION ("latest")                                         Environment Variable          

--dry-run: exiting now.
[33m▲ [43;33m[[43;30mWARNING[43;33m][0m [1mMultiple environments are defined in the Wrangler configuration file, but no target environment was specified for the deploy command.[0m

  To avoid unintentional changes to the wrong environment, it is recommended to explicitly specify the target environment using the `-e|--env` flag or CLOUDFLARE_ENV env variable.
  If your intention is to use the top-level environment of your configuration simply pass an empty string to the flag to target such environment. For example `--env=""`.


